[jsonplaceholder.typicode.com/index.html]
[jsonplaceholder.typicode.com/style.css]
[backblue.gif]
[fade.gif]
[index.html]
[cdnjs.cloudflare.com/ajax/libs/prism/1.21.0/themes/prism-tomorrow.min.css]
[jsonplaceholder.typicode.com/guide/index.html]
[i.imgur.com/IBItATn.png]
[jsonplaceholder.typicode.com/mockend.svg]
[jsonplaceholder.typicode.com/deta.svg]
[jsonplaceholder.typicode.com/ui_bakery.jpg]
[jsonplaceholder.typicode.com/posts.json]
[jsonplaceholder.typicode.com/comments.json]
[jsonplaceholder.typicode.com/albums.json]
[jsonplaceholder.typicode.com/photos.json]
[jsonplaceholder.typicode.com/todos.json]
[jsonplaceholder.typicode.com/users.json]
[jsonplaceholder.typicode.com/posts/1.json]
[jsonplaceholder.typicode.com/posts/1/comments.json]
[jsonplaceholder.typicode.com/comments9181.json]
[jsonplaceholder.typicode.com/todos/1.json]
[cdnjs.cloudflare.com/ajax/libs/prism/1.21.0/prism.min.js]
[jsonplaceholder.typicode.com/script.js]
[jsonplaceholder.typicode.com/index.html]
[jsonplaceholder.typicode.com/style.css]
[cdnjs.cloudflare.com/ajax/libs/prism/1.21.0/themes/prism-tomorrow.min.css]
[static.cloudflareinsights.com/beacon.min.js]
[jsonplaceholder.typicode.com/albums/1/photos.json]
[jsonplaceholder.typicode.com/users/1/albums.json]
[jsonplaceholder.typicode.com/users/1/todos.json]
[jsonplaceholder.typicode.com/guide/index.html]
[jsonplaceholder.typicode.com/mockend.svg]
[jsonplaceholder.typicode.com/deta.svg]
[jsonplaceholder.typicode.com/users/1/posts.json]
